// Jest Snapshot v1, https://goo.gl/fbAQLP

exports[`Panel component should Exist 1`] = `
Object {
  "$$typeof": Symbol(react.forward_ref),
  "Block": Object {
    "$$typeof": Symbol(react.forward_ref),
    "defaultProps": Object {
      "active": false,
      "as": "div",
    },
    "render": [Function],
  },
  "Header": Object {
    "$$typeof": Symbol(react.forward_ref),
    "defaultProps": Object {
      "as": "div",
    },
    "render": [Function],
  },
  "Icon": Object {
    "$$typeof": Symbol(react.forward_ref),
    "defaultProps": Object {
      "as": "span",
    },
    "render": [Function],
  },
  "Tabs": Object {
    "$$typeof": Symbol(react.forward_ref),
    "Tab": Object {
      "$$typeof": Symbol(react.forward_ref),
      "defaultProps": Object {
        "active": false,
        "as": "a",
      },
      "render": [Function],
    },
    "defaultProps": Object {
      "as": "div",
    },
    "render": [Function],
  },
  "defaultProps": Object {
    "as": "nav",
  },
  "render": [Function],
}
`;

exports[`Panel component should have box classname 1`] = `
<nav
  className="panel"
>
  <div
    className="panel-heading"
  >
    repositories
  </div>
  <div
    className="panel-block"
  >
    <div>
      Control
    </div>
  </div>
  <div
    className="panel-tabs panel-tabs"
  >
    <a
      className="is-active"
    >
      all
    </a>
    <a>
      public
    </a>
    <a>
      private
    </a>
    <a>
      sources
    </a>
    <a>
      forks
    </a>
  </div>
  <a
    className="panel-block is-active"
  >
    <span
      className="panel-icon"
    >
      <i
        className="fa fa-bars"
      />
    </span>
    bulma
  </a>
  <label
    className="panel-block panel-block"
  >
    <input
      type="checkbox"
    />
    remember me
  </label>
  <div
    className="panel-block"
  >
    <button
      type="button"
    >
      reset all filters
    </button>
  </div>
</nav>
`;
